// Jest Snapshot v1, https://goo.gl/fbAQLP

exports[`matches the snapshot 1`] = `
<div
  className="d-flex align-items-center flex-column"
>
  <div
    className="d-flex justify-content-center w-50 flex-wrap p-5"
  />
  <div>
    <button
      className="btn btn-primary m-2"
      disabled={false}
      onClick={[Function]}
    >
      Prev
    </button>
    <button
      className="btn btn-primary m-2"
      disabled={false}
      onClick={[Function]}
    >
      Next
    </button>
  </div>
</div>
`;
